0 verbose cli /home/fede/.nvm/versions/node/v20.19.6/bin/node /home/fede/.nvm/versions/node/v20.19.6/bin/npm
1 info using npm@10.8.2
2 info using node@v20.19.6
3 silly config load:file:/home/fede/.nvm/versions/node/v20.19.6/lib/node_modules/npm/npmrc
4 silly config load:file:/home/fede/Ingenieria en Sistemas/Ingenieria y Calidad de Software/Trabajos Practicos/ISW_Grupo2_4k4_2026/Trabajos Prácticos/Trabajos Prácticos Grupales/TP6/ecoharmony-tdd/.npmrc
5 silly config load:file:/home/fede/.npmrc
6 silly config load:file:/home/fede/.nvm/versions/node/v20.19.6/etc/npmrc
7 verbose title npm install
8 verbose argv "install" "--package-lock-only"
9 verbose logfile logs-max:10 dir:/home/fede/Ingenieria en Sistemas/Ingenieria y Calidad de Software/Trabajos Practicos/ISW_Grupo2_4k4_2026/Trabajos Prácticos/Trabajos Prácticos Grupales/TP6/ecoharmony-tdd/C:\Users\Matias\AppData\Local\npm-cache/_logs/2026-06-02T21_20_50_586Z-
10 verbose logfile /home/fede/Ingenieria en Sistemas/Ingenieria y Calidad de Software/Trabajos Practicos/ISW_Grupo2_4k4_2026/Trabajos Prácticos/Trabajos Prácticos Grupales/TP6/ecoharmony-tdd/C:\Users\Matias\AppData\Local\npm-cache/_logs/2026-06-02T21_20_50_586Z-debug-0.log
11 silly packumentCache heap:2197815296 maxSize:549453824 maxEntrySize:274726912
12 silly logfile start cleaning logs, removing 1 files
13 silly logfile done cleaning log files
14 silly idealTree buildDeps
15 silly audit bulk request {
15 silly audit   '@alloc/quick-lru': [ '5.2.0' ],
15 silly audit   '@emnapi/runtime': [ '1.10.0' ],
15 silly audit   '@esbuild/aix-ppc64': [ '0.27.7' ],
15 silly audit   '@esbuild/android-arm': [ '0.27.7' ],
15 silly audit   '@esbuild/android-arm64': [ '0.27.7' ],
15 silly audit   '@esbuild/android-x64': [ '0.27.7' ],
15 silly audit   '@esbuild/darwin-arm64': [ '0.27.7' ],
15 silly audit   '@esbuild/darwin-x64': [ '0.27.7' ],
15 silly audit   '@esbuild/freebsd-arm64': [ '0.27.7' ],
15 silly audit   '@esbuild/freebsd-x64': [ '0.27.7' ],
15 silly audit   '@esbuild/linux-arm': [ '0.27.7' ],
15 silly audit   '@esbuild/linux-arm64': [ '0.27.7' ],
15 silly audit   '@esbuild/linux-ia32': [ '0.27.7' ],
15 silly audit   '@esbuild/linux-loong64': [ '0.27.7' ],
15 silly audit   '@esbuild/linux-mips64el': [ '0.27.7' ],
15 silly audit   '@esbuild/linux-ppc64': [ '0.27.7' ],
15 silly audit   '@esbuild/linux-riscv64': [ '0.27.7' ],
15 silly audit   '@esbuild/linux-s390x': [ '0.27.7' ],
15 silly audit   '@esbuild/linux-x64': [ '0.27.7' ],
15 silly audit   '@esbuild/netbsd-arm64': [ '0.27.7' ],
15 silly audit   '@esbuild/netbsd-x64': [ '0.27.7' ],
15 silly audit   '@esbuild/openbsd-arm64': [ '0.27.7' ],
15 silly audit   '@esbuild/openbsd-x64': [ '0.27.7' ],
15 silly audit   '@esbuild/openharmony-arm64': [ '0.27.7' ],
15 silly audit   '@esbuild/sunos-x64': [ '0.27.7' ],
15 silly audit   '@esbuild/win32-arm64': [ '0.27.7' ],
15 silly audit   '@esbuild/win32-ia32': [ '0.27.7' ],
15 silly audit   '@esbuild/win32-x64': [ '0.27.7' ],
15 silly audit   '@img/colour': [ '1.1.0' ],
15 silly audit   '@img/sharp-darwin-arm64': [ '0.34.5' ],
15 silly audit   '@img/sharp-darwin-x64': [ '0.34.5' ],
15 silly audit   '@img/sharp-libvips-darwin-arm64': [ '1.2.4' ],
15 silly audit   '@img/sharp-libvips-darwin-x64': [ '1.2.4' ],
15 silly audit   '@img/sharp-libvips-linux-arm': [ '1.2.4' ],
15 silly audit   '@img/sharp-libvips-linux-arm64': [ '1.2.4' ],
15 silly audit   '@img/sharp-libvips-linux-ppc64': [ '1.2.4' ],
15 silly audit   '@img/sharp-libvips-linux-riscv64': [ '1.2.4' ],
15 silly audit   '@img/sharp-libvips-linux-s390x': [ '1.2.4' ],
15 silly audit   '@img/sharp-libvips-linux-x64': [ '1.2.4' ],
15 silly audit   '@img/sharp-libvips-linuxmusl-arm64': [ '1.2.4' ],
15 silly audit   '@img/sharp-libvips-linuxmusl-x64': [ '1.2.4' ],
15 silly audit   '@img/sharp-linux-arm': [ '0.34.5' ],
15 silly audit   '@img/sharp-linux-arm64': [ '0.34.5' ],
15 silly audit   '@img/sharp-linux-ppc64': [ '0.34.5' ],
15 silly audit   '@img/sharp-linux-riscv64': [ '0.34.5' ],
15 silly audit   '@img/sharp-linux-s390x': [ '0.34.5' ],
15 silly audit   '@img/sharp-linux-x64': [ '0.34.5' ],
15 silly audit   '@img/sharp-linuxmusl-arm64': [ '0.34.5' ],
15 silly audit   '@img/sharp-linuxmusl-x64': [ '0.34.5' ],
15 silly audit   '@img/sharp-wasm32': [ '0.34.5' ],
15 silly audit   '@img/sharp-win32-arm64': [ '0.34.5' ],
15 silly audit   '@img/sharp-win32-ia32': [ '0.34.5' ],
15 silly audit   '@img/sharp-win32-x64': [ '0.34.5' ],
15 silly audit   '@jridgewell/gen-mapping': [ '0.3.13' ],
15 silly audit   '@jridgewell/remapping': [ '2.3.5' ],
15 silly audit   '@jridgewell/resolve-uri': [ '3.1.2' ],
15 silly audit   '@jridgewell/sourcemap-codec': [ '1.5.5' ],
15 silly audit   '@jridgewell/trace-mapping': [ '0.3.31' ],
15 silly audit   '@next/env': [ '15.5.18' ],
15 silly audit   '@next/swc-darwin-arm64': [ '15.5.18' ],
15 silly audit   '@next/swc-darwin-x64': [ '15.5.18' ],
15 silly audit   '@next/swc-linux-arm64-gnu': [ '15.5.18' ],
15 silly audit   '@next/swc-linux-arm64-musl': [ '15.5.18' ],
15 silly audit   '@next/swc-linux-x64-gnu': [ '15.5.18' ],
15 silly audit   '@next/swc-linux-x64-musl': [ '15.5.18' ],
15 silly audit   '@next/swc-win32-arm64-msvc': [ '15.5.18' ],
15 silly audit   '@next/swc-win32-x64-msvc': [ '15.5.18' ],
15 silly audit   '@rollup/rollup-android-arm-eabi': [ '4.60.4' ],
15 silly audit   '@rollup/rollup-android-arm64': [ '4.60.4' ],
15 silly audit   '@rollup/rollup-darwin-arm64': [ '4.60.4' ],
15 silly audit   '@rollup/rollup-darwin-x64': [ '4.60.4' ],
15 silly audit   '@rollup/rollup-freebsd-arm64': [ '4.60.4' ],
15 silly audit   '@rollup/rollup-freebsd-x64': [ '4.60.4' ],
15 silly audit   '@rollup/rollup-linux-arm-gnueabihf': [ '4.60.4' ],
15 silly audit   '@rollup/rollup-linux-arm-musleabihf': [ '4.60.4' ],
15 silly audit   '@rollup/rollup-linux-arm64-gnu': [ '4.60.4' ],
15 silly audit   '@rollup/rollup-linux-arm64-musl': [ '4.60.4' ],
15 silly audit   '@rollup/rollup-linux-loong64-gnu': [ '4.60.4' ],
15 silly audit   '@rollup/rollup-linux-loong64-musl': [ '4.60.4' ],
15 silly audit   '@rollup/rollup-linux-ppc64-gnu': [ '4.60.4' ],
15 silly audit   '@rollup/rollup-linux-ppc64-musl': [ '4.60.4' ],
15 silly audit   '@rollup/rollup-linux-riscv64-gnu': [ '4.60.4' ],
15 silly audit   '@rollup/rollup-linux-riscv64-musl': [ '4.60.4' ],
15 silly audit   '@rollup/rollup-linux-s390x-gnu': [ '4.60.4' ],
15 silly audit   '@rollup/rollup-linux-x64-gnu': [ '4.60.4' ],
15 silly audit   '@rollup/rollup-linux-x64-musl': [ '4.60.4' ],
15 silly audit   '@rollup/rollup-openbsd-x64': [ '4.60.4' ],
15 silly audit   '@rollup/rollup-openharmony-arm64': [ '4.60.4' ],
15 silly audit   '@rollup/rollup-win32-arm64-msvc': [ '4.60.4' ],
15 silly audit   '@rollup/rollup-win32-ia32-msvc': [ '4.60.4' ],
15 silly audit   '@rollup/rollup-win32-x64-gnu': [ '4.60.4' ],
15 silly audit   '@rollup/rollup-win32-x64-msvc': [ '4.60.4' ],
15 silly audit   '@swc/helpers': [ '0.5.15' ],
15 silly audit   '@tailwindcss/node': [ '4.3.0' ],
15 silly audit   '@tailwindcss/oxide': [ '4.3.0' ],
15 silly audit   '@tailwindcss/oxide-android-arm64': [ '4.3.0' ],
15 silly audit   '@tailwindcss/oxide-darwin-arm64': [ '4.3.0' ],
15 silly audit   '@tailwindcss/oxide-darwin-x64': [ '4.3.0' ],
15 silly audit   '@tailwindcss/oxide-freebsd-x64': [ '4.3.0' ],
15 silly audit   '@tailwindcss/oxide-linux-arm-gnueabihf': [ '4.3.0' ],
15 silly audit   '@tailwindcss/oxide-linux-arm64-gnu': [ '4.3.0' ],
15 silly audit   '@tailwindcss/oxide-linux-arm64-musl': [ '4.3.0' ],
15 silly audit   '@tailwindcss/oxide-linux-x64-gnu': [ '4.3.0' ],
15 silly audit   '@tailwindcss/oxide-linux-x64-musl': [ '4.3.0' ],
15 silly audit   '@tailwindcss/oxide-wasm32-wasi': [ '4.3.0' ],
15 silly audit   '@emnapi/core': [ '1.10.0' ],
15 silly audit   '@emnapi/wasi-threads': [ '1.2.1' ],
15 silly audit   '@napi-rs/wasm-runtime': [ '1.1.4' ],
15 silly audit   '@tybys/wasm-util': [ '0.10.1' ],
15 silly audit   tslib: [ '2.8.1' ],
15 silly audit   '@tailwindcss/oxide-win32-arm64-msvc': [ '4.3.0' ],
15 silly audit   '@tailwindcss/oxide-win32-x64-msvc': [ '4.3.0' ],
15 silly audit   '@tailwindcss/postcss': [ '4.3.0' ],
15 silly audit   '@types/chai': [ '5.2.3' ],
15 silly audit   '@types/deep-eql': [ '4.0.2' ],
15 silly audit   '@types/estree': [ '1.0.9', '1.0.8' ],
15 silly audit   '@types/node': [ '22.19.19' ],
15 silly audit   '@types/nodemailer': [ '6.4.23' ],
15 silly audit   '@types/react': [ '19.2.15' ],
15 silly audit   '@types/react-dom': [ '19.2.3' ],
15 silly audit   '@vitest/expect': [ '3.2.4' ],
15 silly audit   '@vitest/mocker': [ '3.2.4' ],
15 silly audit   '@vitest/pretty-format': [ '3.2.4' ],
15 silly audit   '@vitest/runner': [ '3.2.4' ],
15 silly audit   '@vitest/snapshot': [ '3.2.4' ],
15 silly audit   '@vitest/spy': [ '3.2.4' ],
15 silly audit   '@vitest/utils': [ '3.2.4' ],
15 silly audit   'assertion-error': [ '2.0.1' ],
15 silly audit   cac: [ '6.7.14' ],
15 silly audit   'caniuse-lite': [ '1.0.30001793' ],
15 silly audit   chai: [ '5.3.3' ],
15 silly audit   'check-error': [ '2.1.3' ],
15 silly audit   'client-only': [ '0.0.1' ],
15 silly audit   csstype: [ '3.2.3' ],
15 silly audit   debug: [ '4.4.3' ],
15 silly audit   'deep-eql': [ '5.0.2' ],
15 silly audit   'detect-libc': [ '2.1.2' ],
15 silly audit   'enhanced-resolve': [ '5.22.1' ],
15 silly audit   'es-module-lexer': [ '1.7.0' ],
15 silly audit   esbuild: [ '0.27.7' ],
15 silly audit   'estree-walker': [ '3.0.3' ],
15 silly audit   'expect-type': [ '1.3.0' ],
15 silly audit   fdir: [ '6.5.0' ],
15 silly audit   fsevents: [ '2.3.3' ],
15 silly audit   'graceful-fs': [ '4.2.11' ],
15 silly audit   jiti: [ '2.7.0' ],
15 silly audit   'js-tokens': [ '9.0.1' ],
15 silly audit   lightningcss: [ '1.32.0' ],
15 silly audit   'lightningcss-android-arm64': [ '1.32.0' ],
15 silly audit   'lightningcss-darwin-arm64': [ '1.32.0' ],
15 silly audit   'lightningcss-darwin-x64': [ '1.32.0' ],
15 silly audit   'lightningcss-freebsd-x64': [ '1.32.0' ],
15 silly audit   'lightningcss-linux-arm-gnueabihf': [ '1.32.0' ],
15 silly audit   'lightningcss-linux-arm64-gnu': [ '1.32.0' ],
15 silly audit   'lightningcss-linux-arm64-musl': [ '1.32.0' ],
15 silly audit   'lightningcss-linux-x64-gnu': [ '1.32.0' ],
15 silly audit   'lightningcss-linux-x64-musl': [ '1.32.0' ],
15 silly audit   'lightningcss-win32-arm64-msvc': [ '1.32.0' ],
15 silly audit   'lightningcss-win32-x64-msvc': [ '1.32.0' ],
15 silly audit   loupe: [ '3.2.1' ],
15 silly audit   'magic-string': [ '0.30.21' ],
15 silly audit   ms: [ '2.1.3' ],
15 silly audit   nanoid: [ '3.3.12' ],
15 silly audit   next: [ '15.5.18' ],
15 silly audit   postcss: [ '8.4.31', '8.5.15' ],
15 silly audit   nodemailer: [ '6.10.1' ],
15 silly audit   pathe: [ '2.0.3' ],
15 silly audit   pathval: [ '2.0.1' ],
15 silly audit   picocolors: [ '1.1.1' ],
15 silly audit   picomatch: [ '4.0.4' ],
15 silly audit   react: [ '19.2.6' ],
15 silly audit   'react-dom': [ '19.2.6' ],
15 silly audit   rollup: [ '4.60.4' ],
15 silly audit   scheduler: [ '0.27.0' ],
15 silly audit   semver: [ '7.8.1' ],
15 silly audit   sharp: [ '0.34.5' ],
15 silly audit   siginfo: [ '2.0.0' ],
15 silly audit   'source-map-js': [ '1.2.1' ],
15 silly audit   stackback: [ '0.0.2' ],
15 silly audit   'std-env': [ '3.10.0' ],
15 silly audit   'strip-literal': [ '3.1.0' ],
15 silly audit   'styled-jsx': [ '5.1.6' ],
15 silly audit   tailwindcss: [ '4.3.0' ],
15 silly audit   tapable: [ '2.3.3' ],
15 silly audit   tinybench: [ '2.9.0' ],
15 silly audit   tinyexec: [ '0.3.2' ],
15 silly audit   tinyglobby: [ '0.2.17' ],
15 silly audit   tinypool: [ '1.1.1' ],
15 silly audit   tinyrainbow: [ '2.0.0' ],
15 silly audit   tinyspy: [ '4.0.4' ],
15 silly audit   typescript: [ '5.9.3' ],
15 silly audit   'undici-types': [ '6.21.0' ],
15 silly audit   vite: [ '7.3.3' ],
15 silly audit   'vite-node': [ '3.2.4' ],
15 silly audit   vitest: [ '3.2.4' ],
15 silly audit   'why-is-node-running': [ '2.3.0' ]
15 silly audit }
16 http fetch POST 200 https://registry.npmjs.org/-/npm/v1/security/advisories/bulk 446ms
17 silly audit report {
17 silly audit report   postcss: [
17 silly audit report     {
17 silly audit report       id: 1117015,
17 silly audit report       url: 'https://github.com/advisories/GHSA-qx2v-qp2m-jg93',
17 silly audit report       title: 'PostCSS has XSS via Unescaped </style> in its CSS Stringify Output',
17 silly audit report       severity: 'moderate',
17 silly audit report       vulnerable_versions: '<8.5.10',
17 silly audit report       cwe: [Array],
17 silly audit report       cvss: [Object]
17 silly audit report     }
17 silly audit report   ],
17 silly audit report   nodemailer: [
17 silly audit report     {
17 silly audit report       id: 1109804,
17 silly audit report       url: 'https://github.com/advisories/GHSA-mm7p-fcc7-pg87',
17 silly audit report       title: 'Nodemailer: Email to an unintended domain can occur due to Interpretation Conflict',
17 silly audit report       severity: 'moderate',
17 silly audit report       vulnerable_versions: '<7.0.7',
17 silly audit report       cwe: [Array],
17 silly audit report       cvss: [Object]
17 silly audit report     },
17 silly audit report     {
17 silly audit report       id: 1113165,
17 silly audit report       url: 'https://github.com/advisories/GHSA-rcmh-qjqh-p98v',
17 silly audit report       title: 'Nodemailer’s addressparser is vulnerable to DoS caused by recursive calls',
17 silly audit report       severity: 'high',
17 silly audit report       vulnerable_versions: '<=7.0.10',
17 silly audit report       cwe: [Array],
17 silly audit report       cvss: [Object]
17 silly audit report     },
17 silly audit report     {
17 silly audit report       id: 1115470,
17 silly audit report       url: 'https://github.com/advisories/GHSA-c7w3-x93f-qmm8',
17 silly audit report       title: 'Nodemailer has SMTP command injection due to unsanitized `envelope.size` parameter',
17 silly audit report       severity: 'low',
17 silly audit report       vulnerable_versions: '<8.0.4',
17 silly audit report       cwe: [Array],
17 silly audit report       cvss: [Object]
17 silly audit report     },
17 silly audit report     {
17 silly audit report       id: 1116270,
17 silly audit report       url: 'https://github.com/advisories/GHSA-vvjj-xcjg-gr5g',
17 silly audit report       title: 'Nodemailer Vulnerable to SMTP Command Injection via CRLF in Transport name Option (EHLO/HELO) ',
17 silly audit report       severity: 'moderate',
17 silly audit report       vulnerable_versions: '<=8.0.4',
17 silly audit report       cwe: [Array],
17 silly audit report       cvss: [Object]
17 silly audit report     }
17 silly audit report   ],
17 silly audit report   vitest: [
17 silly audit report     {
17 silly audit report       id: 1120011,
17 silly audit report       url: 'https://github.com/advisories/GHSA-5xrq-8626-4rwp',
17 silly audit report       title: 'When Vitest UI server is listening, arbitrary file can be read and executed',
17 silly audit report       severity: 'critical',
17 silly audit report       vulnerable_versions: '<4.1.0',
17 silly audit report       cwe: [Array],
17 silly audit report       cvss: [Object]
17 silly audit report     }
17 silly audit report   ]
17 silly audit report }
18 silly packumentCache corgi:https://registry.npmjs.org/postcss cache-miss
19 silly packumentCache corgi:https://registry.npmjs.org/nodemailer cache-miss
20 silly packumentCache corgi:https://registry.npmjs.org/vitest cache-miss
21 http fetch GET 200 https://registry.npmjs.org/postcss 168ms (cache revalidated)
22 silly packumentCache corgi:https://registry.npmjs.org/postcss set size:344717 disposed:false
23 http fetch GET 200 https://registry.npmjs.org/nodemailer 224ms (cache revalidated)
24 silly packumentCache corgi:https://registry.npmjs.org/nodemailer set size:314778 disposed:false
25 http fetch GET 200 https://registry.npmjs.org/vitest 408ms (cache revalidated)
26 silly packumentCache corgi:https://registry.npmjs.org/vitest set size:1247043 disposed:false
27 silly packumentCache corgi:https://registry.npmjs.org/next cache-miss
28 http fetch GET 200 https://registry.npmjs.org/next 398ms (cache revalidated)
29 silly packumentCache corgi:https://registry.npmjs.org/next set size:25113801 disposed:false
30 verbose cwd /home/fede/Ingenieria en Sistemas/Ingenieria y Calidad de Software/Trabajos Practicos/ISW_Grupo2_4k4_2026/Trabajos Prácticos/Trabajos Prácticos Grupales/TP6/ecoharmony-tdd
31 verbose os Linux 6.8.0-124-generic
32 verbose node v20.19.6
33 verbose npm  v10.8.2
34 verbose exit 0
35 info ok
