0 verbose cli /home/fede/.nvm/versions/node/v20.19.6/bin/node /home/fede/.nvm/versions/node/v20.19.6/bin/npm
1 info using npm@10.8.2
2 info using node@v20.19.6
3 silly config load:file:/home/fede/.nvm/versions/node/v20.19.6/lib/node_modules/npm/npmrc
4 silly config load:file:/home/fede/Ingenieria en Sistemas/Ingenieria y Calidad de Software/Trabajos Practicos/ISW_Grupo2_4k4_2026/Trabajos Prácticos/Trabajos Prácticos Grupales/TP6/ecoharmony-tdd/.npmrc
5 silly config load:file:/home/fede/.npmrc
6 silly config load:file:/home/fede/.nvm/versions/node/v20.19.6/etc/npmrc
7 verbose title npm ls
8 verbose argv "ls" "--depth" "0" "--package-lock-only" "--omit" "dev" "--json"
9 verbose logfile logs-max:10 dir:/home/fede/Ingenieria en Sistemas/Ingenieria y Calidad de Software/Trabajos Practicos/ISW_Grupo2_4k4_2026/Trabajos Prácticos/Trabajos Prácticos Grupales/TP6/ecoharmony-tdd/C:\Users\Matias\AppData\Local\npm-cache/_logs/2026-06-06T03_32_37_267Z-
10 verbose logfile /home/fede/Ingenieria en Sistemas/Ingenieria y Calidad de Software/Trabajos Practicos/ISW_Grupo2_4k4_2026/Trabajos Prácticos/Trabajos Prácticos Grupales/TP6/ecoharmony-tdd/C:\Users\Matias\AppData\Local\npm-cache/_logs/2026-06-06T03_32_37_267Z-debug-0.log
11 silly packumentCache heap:2197815296 maxSize:549453824 maxEntrySize:274726912
12 silly logfile start cleaning logs, removing 1 files
13 silly logfile done cleaning log files
14 verbose cwd /home/fede/Ingenieria en Sistemas/Ingenieria y Calidad de Software/Trabajos Practicos/ISW_Grupo2_4k4_2026/Trabajos Prácticos/Trabajos Prácticos Grupales/TP6/ecoharmony-tdd
15 verbose os Linux 6.8.0-124-generic
16 verbose node v20.19.6
17 verbose npm  v10.8.2
18 verbose exit 0
19 info ok
